Microchip MPLAB XC8 Compiler V2.10 ()

Linker command line:

-W-3 --edf=C:\Program Files (x86)\Microchip\xc8\v2.10\pic\dat\en_msgs.txt \
  -cs -h+dist/default/production\esp_test.X.production.sym \
  --cmf=dist/default/production\esp_test.X.production.cmf -z -Q16F877A \
  -oC:\Users\Admin\AppData\Local\Temp\sg3g.2 --defsym=__MPLAB_BUILD=1 \
  -Mdist/default/production/esp_test.X.production.map -E1 -ver=XC8 \
  --acfsm=1493 -ASTACK=0110h-016Fh -pstack=STACK -ACODE=00h-07FFhx4 \
  -ASTRCODE=00h-01FFFh -ASTRING=00h-0FFhx32 -ACONST=00h-0FFhx32 \
  -AENTRY=00h-0FFhx32 -ACOMMON=070h-07Fh -ABANK0=020h-06Fh \
  -ABANK1=0A0h-0EFh -ABANK2=0110h-016Fh -ABANK3=0190h-01EFh \
  -ARAM=020h-06Fh,0A0h-0EFh,0110h-016Fh,0190h-01EFh \
  -AABS1=020h-07Fh,0A0h-0EFh,0110h-016Fh,0190h-01EFh -ASFR0=00h-01Fh \
  -ASFR1=080h-09Fh -ASFR2=0100h-010Fh -ASFR3=0180h-018Fh \
  -preset_vec=00h,intentry,init,end_init -ppowerup=CODE -pcinit=CODE \
  -pfunctab=ENTRY -ACONFIG=02007h-02007h -pconfig=CONFIG -DCONFIG=2 \
  -AIDLOC=02000h-02003h -pidloc=IDLOC -DIDLOC=2 -AEEDATA=00h-0FFh/02100h \
  -peeprom_data=EEDATA -DEEDATA=2 -DCODE=2 -DSTRCODE=2 -DSTRING=2 -DCONST=2 \
  -DENTRY=2 -k C:\Users\Admin\AppData\Local\Temp\sg3g.o \
  dist/default/production\esp_test.X.production.o 

Object code version is 3.11

Machine type is 16F877A



                Name                               Link     Load   Length Selector   Space Scale
C:\Users\Admin\AppData\Local\Temp\sg3g.o
                end_init                              0        0        3        0       0
                config                             2007     2007        1     400E       0
dist/default/production\esp_test.X.production.o
                cinit                               7E6      7E6       1A      FCC       0
                text15                              468      468       18      8D0       0
                text14                              4BA      4BA       22      974       0
                text13                              480      480       1A      900       0
                text12                              424      424        D      848       0
                text11                              61B      61B       5D      C36       0
                text10                              535      535       46      A6A       0
                text9                               5C9      5C9       52      B92       0
                text8                               57B      57B       4E      AF6       0
                text7                               40E      40E        A      81C       0
                text6                               4DC      4DC       26      9B8       0
                text5                               431      431        E      862       0
                text4                               678      678       93      CF0       0
                text3                               502      502       33      A04       0
                text2                               452      452       16      8A4       0
                text1                               49A      49A       20      934       0
                maintext                            70B      70B       DB      E16       0
                cstackBANK0                          20       20       19       20       1
                cstackCOMMON                         70       70        E       70       1
                clrtext                             406      406        8      80C       0
                inittext                            43F      43F       13      87E       0
                dataBANK0                            4A       4A        C       20       1
                bssBANK0                             39       39       11       20       1
                stringtext                          800      800      140       10       0
                idataBANK0                          418      418        C      830       0

TOTAL           Name                               Link     Load   Length     Space
        CLASS   STACK          

        CLASS   CODE           
                end_init                              0        0        3         0
                cinit                               7E6      7E6       1A         0
                text15                              468      468       18         0
                text14                              4BA      4BA       22         0
                text13                              480      480       1A         0
                text12                              424      424        D         0
                text11                              61B      61B       5D         0
                text10                              535      535       46         0
                text9                               5C9      5C9       52         0
                text8                               57B      57B       4E         0
                text7                               40E      40E        A         0
                text6                               4DC      4DC       26         0
                text5                               431      431        E         0
                text4                               678      678       93         0
                text3                               502      502       33         0
                text2                               452      452       16         0
                text1                               49A      49A       20         0
                maintext                            70B      70B       DB         0
                clrtext                             406      406        8         0
                inittext                            43F      43F       13         0
                idataBANK0                          418      418        C         0

        CLASS   STRCODE        
                stringtext                          800      800      140         0

        CLASS   STRING         

        CLASS   CONST          

        CLASS   ENTRY          

        CLASS   COMMON         
                cstackCOMMON                         70       70        E         1

        CLASS   BANK0          
                cstackBANK0                          20       20       19         1
                dataBANK0                            4A       4A        C         1
                bssBANK0                             39       39       11         1

        CLASS   BANK1          

        CLASS   BANK2          

        CLASS   BANK3          

        CLASS   RAM            

        CLASS   ABS1           
                abs_s1                               7E       7E        2         1

        CLASS   SFR0           

        CLASS   SFR1           

        CLASS   SFR2           

        CLASS   SFR3           

        CLASS   CONFIG         
                config                             2007     2007        1         0

        CLASS   IDLOC          

        CLASS   EEDATA         



SEGMENTS        Name                           Load    Length   Top    Selector   Space  Class     Delta

                reset_vec                      000000  000003  000003         0       0  CODE        2
                cstackBANK0                    000020  000036  000056        20       1  BANK0       1
                cstackCOMMON                   000070  00000E  00007E        70       1  COMMON      1
                clrtext                        000406  000008  00040E       80C       0  CODE        2
                text7                          00040E  00000A  000418       81C       0  CODE        2
                idataBANK0                     000418  00000C  000424       830       0  CODE        2
                text12                         000424  00000D  000431       848       0  CODE        2
                text5                          000431  00000E  00043F       862       0  CODE        2
                inittext                       00043F  000013  000452       87E       0  CODE        2
                text2                          000452  000016  000468       8A4       0  CODE        2
                text15                         000468  000018  000480       8D0       0  CODE        2
                text13                         000480  00001A  00049A       900       0  CODE        2
                text1                          00049A  000020  0004BA       934       0  CODE        2
                text14                         0004BA  000022  0004DC       974       0  CODE        2
                text6                          0004DC  000026  000502       9B8       0  CODE        2
                text3                          000502  000033  000535       A04       0  CODE        2
                text10                         000535  000046  00057B       A6A       0  CODE        2
                text8                          00057B  00004E  0005C9       AF6       0  CODE        2
                text9                          0005C9  000052  00061B       B92       0  CODE        2
                text11                         00061B  00005D  000678       C36       0  CODE        2
                text4                          000678  000093  00070B       CF0       0  CODE        2
                maintext                       00070B  0000DB  0007E6       E16       0  CODE        2
                cinit                          0007E6  00001A  000800       FCC       0  CODE        2
                stringtext                     000800  000140  000940        10       0  STRCODE     2
                config                         002007  000001  002008      400E       0  CONFIG      2


UNUSED ADDRESS RANGES

        Name                Unused          Largest block    Delta
        BANK0            0056-006F             1A           1
        BANK1            00A0-00EF             50           1
        BANK2            0110-016F             60           1
        BANK3            0190-01EF             60           1
        CODE             0003-0405            403           2
                         0940-1FFF            800
        CONST            0003-0405            100           2
                         0940-1FFF            100
        EEDATA           2100-21FF            100           2
        ENTRY            0003-0405            100           2
                         0940-1FFF            100
        IDLOC            2000-2003              4           2
        RAM              0056-006F             1A           1
                         00A0-00EF             50
                         0110-016F             60
                         0190-01EF             60
        SFR0             0000-001F             20           1
        SFR1             0080-009F             20           1
        SFR2             0100-010F             10           1
        SFR3             0180-018F             10           1
        STACK            0110-016F             60           1
        STRCODE          0003-0405            403           2
                         0940-1FFF           16C0
        STRING           0003-0405            100           2
                         0940-1FFF            100

                                  Symbol Table

Lcd_Cmd@a                                cstackCOMMON 0073
Lcd_Print_Char@Lower_Nibble              cstackCOMMON 0072
Lcd_Print_Char@Upper_Nibble              cstackCOMMON 0073
Lcd_Print_Char@data                      cstackCOMMON 0074
Lcd_Print_Char@i                         cstackCOMMON 0075
Lcd_Print_Char@i_97                      cstackCOMMON 0077
Lcd_Print_String@a                       cstackCOMMON 0079
Lcd_Print_String@i                       cstackBANK0  0020
Lcd_SetBit@data_bit                      cstackCOMMON 0070
Lcd_Set_Cursor@a                         cstackCOMMON 0077
Lcd_Set_Cursor@b                         cstackCOMMON 0074
Lcd_Set_Cursor@temp                      cstackCOMMON 007A
Lcd_Set_Cursor@y                         cstackCOMMON 0079
Lcd_Set_Cursor@z                         cstackCOMMON 0078
_BRGH                                    (abs)        04C2
_CREN                                    (abs)        00C4
_Initialize_ESP8266                      text15       0468
_Lcd_Clear                               text12       0424
_Lcd_Cmd                                 text13       0480
_Lcd_Print_Char                          text11       061B
_Lcd_Print_String                        text10       0535
_Lcd_SetBit                              text14       04BA
_Lcd_Set_Cursor                          text9        05C9
_Lcd_Start                               text8        057B
_OERR                                    (abs)        00C1
_RCIF                                    (abs)        0065
_RCREG                                   (abs)        001A
_RD2                                     (abs)        0042
_RD3                                     (abs)        0043
_RD4                                     (abs)        0044
_RD5                                     (abs)        0045
_RD6                                     (abs)        0046
_RD7                                     (abs)        0047
_RX9                                     (abs)        00C6
_SPBRG                                   (abs)        0099
_SPEN                                    (abs)        00C7
_SYNC                                    (abs)        04C4
_TRISC6                                  (abs)        043E
_TRISC7                                  (abs)        043F
_TRISD                                   (abs)        0088
_TX9                                     (abs)        04C6
_TXEN                                    (abs)        04C5
_TXIF                                    (abs)        0064
_TXREG                                   (abs)        0019
__CFG_BOREN$ON                           (abs)        0000
__CFG_CP$OFF                             (abs)        0000
__CFG_CPD$OFF                            (abs)        0000
__CFG_FOSC$HS                            (abs)        0000
__CFG_LVP$OFF                            (abs)        0000
__CFG_PWRTE$OFF                          (abs)        0000
__CFG_WDTE$OFF                           (abs)        0000
__CFG_WRT$OFF                            (abs)        0000
__Habs1                                  abs1         0000
__Hbank0                                 bank0        0000
__Hbank1                                 bank1        0000
__Hbank2                                 bank2        0000
__Hbank3                                 bank3        0000
__HbssBANK0                              bssBANK0     0000
__Hcinit                                 cinit        0800
__Hclrtext                               clrtext      0000
__Hcode                                  code         0000
__Hcommon                                common       0000
__Hconfig                                config       2008
__HcstackBANK0                           cstackBANK0  0000
__HcstackCOMMON                          cstackCOMMON 0000
__HdataBANK0                             dataBANK0    0000
__Heeprom_data                           eeprom_data  0000
__Hend_init                              end_init     0003
__Hfunctab                               functab      0000
__HidataBANK0                            idataBANK0   0000
__Hidloc                                 idloc        0000
__Hinit                                  init         0000
__Hinittext                              inittext     0000
__Hintentry                              intentry     0000
__Hmaintext                              maintext     0000
__Hpowerup                               powerup      0000
__Hram                                   ram          0000
__Hreset_vec                             reset_vec    0000
__Hsfr0                                  sfr0         0000
__Hsfr1                                  sfr1         0000
__Hsfr2                                  sfr2         0000
__Hsfr3                                  sfr3         0000
__Hspace_0                               (abs)        2008
__Hspace_1                               (abs)        007E
__Hspace_2                               (abs)        0000
__Hspace_3                               (abs)        0000
__Hstack                                 stack        0000
__Hstrings                               strings      0000
__Hstringtext                            stringtext   0000
__Htext                                  text         0000
__Labs1                                  abs1         0000
__Lbank0                                 bank0        0000
__Lbank1                                 bank1        0000
__Lbank2                                 bank2        0000
__Lbank3                                 bank3        0000
__LbssBANK0                              bssBANK0     0000
__Lcinit                                 cinit        07E6
__Lclrtext                               clrtext      0000
__Lcode                                  code         0000
__Lcommon                                common       0000
__Lconfig                                config       2007
__LcstackBANK0                           cstackBANK0  0000
__LcstackCOMMON                          cstackCOMMON 0000
__LdataBANK0                             dataBANK0    0000
__Leeprom_data                           eeprom_data  0000
__Lend_init                              end_init     0000
__Lfunctab                               functab      0000
__LidataBANK0                            idataBANK0   0000
__Lidloc                                 idloc        0000
__Linit                                  init         0000
__Linittext                              inittext     0000
__Lintentry                              intentry     0000
__Lmaintext                              maintext     0000
__Lpowerup                               powerup      0000
__Lram                                   ram          0000
__Lreset_vec                             reset_vec    0000
__Lsfr0                                  sfr0         0000
__Lsfr1                                  sfr1         0000
__Lsfr2                                  sfr2         0000
__Lsfr3                                  sfr3         0000
__Lspace_0                               (abs)        0000
__Lspace_1                               (abs)        0000
__Lspace_2                               (abs)        0000
__Lspace_3                               (abs)        0000
__Lstack                                 stack        0000
__Lstrings                               strings      0000
__Lstringtext                            stringtext   0000
__Ltext                                  text         0000
__S0                                     (abs)        2008
__S1                                     (abs)        007E
__S2                                     (abs)        0000
__S3                                     (abs)        0000
___int_sp                                stack        0000
___latbits                               (abs)        0002
___sp                                    stack        0000
___stackhi                               (abs)        0000
___stacklo                               (abs)        0000
__end_of_Initialize_ESP8266              text15       0480
__end_of_Lcd_Clear                       text12       0431
__end_of_Lcd_Cmd                         text13       049A
__end_of_Lcd_Print_Char                  text11       0678
__end_of_Lcd_Print_String                text10       057B
__end_of_Lcd_SetBit                      text14       04DC
__end_of_Lcd_Set_Cursor                  text9        061B
__end_of_Lcd_Start                       text8        05C9
__end_of__esp8266_getch                  text5        043F
__end_of__esp8266_print                  text6        0502
__end_of__esp8266_putch                  text7        0418
__end_of__esp8266_waitResponse           text4        070B
__end_of__esp8266_waitResponse@lengths   stringtext   081E
__end_of__esp8266_waitResponse@responses stringtext   0818
__end_of__initialization                 cinit        07FC
__end_of__stringtab                      stringtext   0812
__end_of_esp8266_config_softAP           text3        0535
__end_of_esp8266_isStarted               text2        0468
__end_of_esp8266_mode                    text1        04BA
__end_of_main                            maintext     07E6
__esp8266_getch                          text5        0431
__esp8266_print                          text6        04DC
__esp8266_print@ptr                      cstackCOMMON 0071
__esp8266_putch                          text7        040E
__esp8266_putch@bt                       cstackCOMMON 0070
__esp8266_waitResponse                   text4        0678
__esp8266_waitResponse@F1101             dataBANK0    004A
__esp8266_waitResponse@continue_loop     cstackBANK0  0034
__esp8266_waitResponse@i                 cstackBANK0  0035
__esp8266_waitResponse@lengths           stringtext   0818
__esp8266_waitResponse@received          cstackBANK0  0032
__esp8266_waitResponse@response          cstackBANK0  0033
__esp8266_waitResponse@responses         stringtext   0812
__esp8266_waitResponse@so_far            cstackBANK0  002C
__esp8266_waitResponse@strings           cstackBANK0  0020
__initialization                         cinit        07E6
__pbssBANK0                              bssBANK0     0039
__pcstackBANK0                           cstackBANK0  0020
__pcstackCOMMON                          cstackCOMMON 0070
__pdataBANK0                             dataBANK0    004A
__pidataBANK0                            idataBANK0   0418
__pmaintext                              maintext     070B
__pstringtext                            stringtext   0800
__ptext1                                 text1        049A
__ptext10                                text10       0535
__ptext11                                text11       061B
__ptext12                                text12       0424
__ptext13                                text13       0480
__ptext14                                text14       04BA
__ptext15                                text15       0468
__ptext2                                 text2        0452
__ptext3                                 text3        0502
__ptext4                                 text4        0678
__ptext5                                 text5        0431
__ptext6                                 text6        04DC
__ptext7                                 text7        040E
__ptext8                                 text8        057B
__ptext9                                 text9        05C9
__size_of_Initialize_ESP8266             (abs)        0000
__size_of_Lcd_Clear                      (abs)        0000
__size_of_Lcd_Cmd                        (abs)        0000
__size_of_Lcd_Print_Char                 (abs)        0000
__size_of_Lcd_Print_String               (abs)        0000
__size_of_Lcd_SetBit                     (abs)        0000
__size_of_Lcd_Set_Cursor                 (abs)        0000
__size_of_Lcd_Start                      (abs)        0000
__size_of__esp8266_getch                 (abs)        0000
__size_of__esp8266_print                 (abs)        0000
__size_of__esp8266_putch                 (abs)        0000
__size_of__esp8266_waitResponse          (abs)        0000
__size_of_esp8266_config_softAP          (abs)        0000
__size_of_esp8266_isStarted              (abs)        0000
__size_of_esp8266_mode                   (abs)        0000
__size_of_main                           (abs)        0000
__stringbase                             stringtext   0812
__stringtab                              stringtext   0800
_esp8266_config_softAP                   text3        0502
_esp8266_isStarted                       text2        0452
_esp8266_mode                            text1        049A
_main                                    maintext     070B
btemp                                    (abs)        007E
clear_ram0                               clrtext      0406
end_of_initialization                    cinit        07FC
esp8266_config_softAP@softpass           cstackCOMMON 0076
esp8266_config_softAP@softssid           cstackCOMMON 0074
esp8266_mode@mode                        cstackCOMMON 0074
init_fetch0                              inittext     043F
init_ram0                                inittext     0443
intlevel0                                functab      0000
intlevel1                                functab      0000
intlevel2                                functab      0000
intlevel3                                functab      0000
intlevel4                                functab      0000
intlevel5                                functab      0000
reset_vec                                reset_vec    0000
start                                    init         0000
start_initialization                     cinit        07E6
wtemp0                                   (abs)        007E


FUNCTION INFORMATION:

 *************** function _main *****************
 Defined at:
		line 535 in file "esp_test.c"
 Parameters:    Size  Location     Type
		None
 Auto vars:     Size  Location     Type
		None
 Return value:  Size  Location     Type
                  1    wreg      void 
 Registers used:
		wreg, fsr0l, fsr0h, status,2, status,0, btemp+1, pclath, cstack
 Tracked objects:
		On entry : 
		On exit  : 
		Unchanged: 
 Data sizes:     COMMON   BANK0   BANK1   BANK3   BANK2
      Params:         0       0       0       0       0
      Locals:         0       0       0       0       0
      Temps:          0       3       0       0       0
      Totals:         0       3       0       0       0
Total ram usage:        3 bytes
 Hardware stack levels required when called:    3
 This function calls:
		_Initialize_ESP8266
		_Lcd_Clear
		_Lcd_Print_String
		_Lcd_Set_Cursor
		_Lcd_Start
		_esp8266_config_softAP
		_esp8266_isStarted
		_esp8266_mode
 This function is called by:
		Startup code after reset
 This function uses a non-reentrant model


 *************** function _esp8266_mode *****************
 Defined at:
		line 290 in file "esp_test.c"
 Parameters:    Size  Location     Type
  mode            1    wreg     unsigned char 
 Auto vars:     Size  Location     Type
  mode            1    4[COMMON] unsigned char 
 Return value:  Size  Location     Type
                  1    wreg      void 
 Registers used:
		wreg, fsr0l, fsr0h, status,2, status,0, btemp+1, pclath, cstack
 Tracked objects:
		On entry : 
		On exit  : 
		Unchanged: 
 Data sizes:     COMMON   BANK0   BANK1   BANK3   BANK2
      Params:         0       0       0       0       0
      Locals:         1       0       0       0       0
      Temps:          0       0       0       0       0
      Totals:         1       0       0       0       0
Total ram usage:        1 bytes
 Hardware stack levels used:    1
 Hardware stack levels required when called:    2
 This function calls:
		__esp8266_print
		__esp8266_putch
		__esp8266_waitResponse
 This function is called by:
		_main
 This function uses a non-reentrant model


 *************** function _esp8266_isStarted *****************
 Defined at:
		line 238 in file "esp_test.c"
 Parameters:    Size  Location     Type
		None
 Auto vars:     Size  Location     Type
		None
 Return value:  Size  Location     Type
                  1    wreg      unsigned char 
 Registers used:
		wreg, fsr0l, fsr0h, status,2, status,0, btemp+1, pclath, cstack
 Tracked objects:
		On entry : 
		On exit  : 
		Unchanged: 
 Data sizes:     COMMON   BANK0   BANK1   BANK3   BANK2
      Params:         0       0       0       0       0
      Locals:         0       0       0       0       0
      Temps:          0       0       0       0       0
      Totals:         0       0       0       0       0
Total ram usage:        0 bytes
 Hardware stack levels used:    1
 Hardware stack levels required when called:    2
 This function calls:
		__esp8266_print
		__esp8266_waitResponse
 This function is called by:
		_main
 This function uses a non-reentrant model


 *************** function _esp8266_config_softAP *****************
 Defined at:
		line 183 in file "esp_test.c"
 Parameters:    Size  Location     Type
  softssid        2    4[COMMON] PTR unsigned char 
		 -> STR_42(14), 
  softpass        2    6[COMMON] PTR unsigned char 
		 -> STR_43(10), 
 Auto vars:     Size  Location     Type
		None
 Return value:  Size  Location     Type
                  1    wreg      unsigned char 
 Registers used:
		wreg, fsr0l, fsr0h, status,2, status,0, btemp+1, pclath, cstack
 Tracked objects:
		On entry : 
		On exit  : 
		Unchanged: 
 Data sizes:     COMMON   BANK0   BANK1   BANK3   BANK2
      Params:         4       0       0       0       0
      Locals:         0       0       0       0       0
      Temps:          0       0       0       0       0
      Totals:         4       0       0       0       0
Total ram usage:        4 bytes
 Hardware stack levels used:    1
 Hardware stack levels required when called:    2
 This function calls:
		__esp8266_print
		__esp8266_waitResponse
 This function is called by:
		_main
 This function uses a non-reentrant model


 *************** function __esp8266_waitResponse *****************
 Defined at:
		line 511 in file "esp_test.c"
 Parameters:    Size  Location     Type
		None
 Auto vars:     Size  Location     Type
  i               1   21[BANK0 ] unsigned char 
  strings        12    0[BANK0 ] PTR const unsigned char 
		 -> STR_36(7), STR_35(7), STR_34(10), STR_33(5), 
		 -> STR_32(6), STR_31(3), 
  so_far          6   12[BANK0 ] unsigned char [6]
  continue_loo    1   20[BANK0 ] _Bool 
  response        1   19[BANK0 ] unsigned char 
  received        1   18[BANK0 ] unsigned char 
 Return value:  Size  Location     Type
                  1    wreg      unsigned char 
 Registers used:
		wreg, fsr0l, fsr0h, status,2, status,0, btemp+1, pclath, cstack
 Tracked objects:
		On entry : 
		On exit  : 
		Unchanged: 
 Data sizes:     COMMON   BANK0   BANK1   BANK3   BANK2
      Params:         0       0       0       0       0
      Locals:         0      22       0       0       0
      Temps:          4       0       0       0       0
      Totals:         4      22       0       0       0
Total ram usage:       26 bytes
 Hardware stack levels used:    1
 Hardware stack levels required when called:    1
 This function calls:
		__esp8266_getch
 This function is called by:
		_esp8266_config_softAP
		_esp8266_isStarted
		_esp8266_mode
		_esp8266_restart
		_esp8266_connect
		_esp8266_start
		_esp8266_send
 This function uses a non-reentrant model


 *************** function __esp8266_getch *****************
 Defined at:
		line 201 in file "esp_test.c"
 Parameters:    Size  Location     Type
		None
 Auto vars:     Size  Location     Type
		None
 Return value:  Size  Location     Type
                  1    wreg      unsigned char 
 Registers used:
		wreg
 Tracked objects:
		On entry : 
		On exit  : 
		Unchanged: 
 Data sizes:     COMMON   BANK0   BANK1   BANK3   BANK2
      Params:         0       0       0       0       0
      Locals:         0       0       0       0       0
      Temps:          0       0       0       0       0
      Totals:         0       0       0       0       0
Total ram usage:        0 bytes
 Hardware stack levels used:    1
 This function calls:
		Nothing
 This function is called by:
		__esp8266_waitResponse
		_esp8266_ip
		_esp8266_send
		_esp8266_receive
		__esp8266_waitFor
 This function uses a non-reentrant model


 *************** function __esp8266_print *****************
 Defined at:
		line 461 in file "esp_test.c"
 Parameters:    Size  Location     Type
  ptr             2    1[COMMON] PTR const unsigned char 
		 -> STR_43(10), STR_42(14), STR_27(3), STR_26(12), 
		 -> esp8266_send@length_str(6), STR_24(3), esp8266_start@port_str(5), STR_22(3), 
		 -> STR_21(4), STR_20(4), STR_19(4), STR_18(14), 
		 -> STR_16(11), STR_14(11), STR_13(4), STR_12(4), 
		 -> STR_11(11), STR_10(3), STR_9(11), STR_7(3), 
		 -> STR_6(4), STR_5(9), STR_4(5), STR_3(8), 
		 -> STR_2(4), STR_1(11), 
 Auto vars:     Size  Location     Type
		None
 Return value:  Size  Location     Type
                  1    wreg      void 
 Registers used:
		wreg, fsr0l, fsr0h, status,2, status,0, btemp+1, pclath, cstack
 Tracked objects:
		On entry : 
		On exit  : 
		Unchanged: 
 Data sizes:     COMMON   BANK0   BANK1   BANK3   BANK2
      Params:         2       0       0       0       0
      Locals:         0       0       0       0       0
      Temps:          0       0       0       0       0
      Totals:         2       0       0       0       0
Total ram usage:        2 bytes
 Hardware stack levels used:    1
 Hardware stack levels required when called:    1
 This function calls:
		__esp8266_putch
 This function is called by:
		_esp8266_config_softAP
		_esp8266_isStarted
		_esp8266_mode
		_esp8266_restart
		_esp8266_echoCmds
		_esp8266_connect
		_esp8266_disconnect
		_esp8266_ip
		_esp8266_start
		_esp8266_send
 This function uses a non-reentrant model


 *************** function __esp8266_putch *****************
 Defined at:
		line 193 in file "esp_test.c"
 Parameters:    Size  Location     Type
  bt              1    wreg     unsigned char 
 Auto vars:     Size  Location     Type
  bt              1    0[COMMON] unsigned char 
 Return value:  Size  Location     Type
                  1    wreg      void 
 Registers used:
		wreg
 Tracked objects:
		On entry : 
		On exit  : 
		Unchanged: 
 Data sizes:     COMMON   BANK0   BANK1   BANK3   BANK2
      Params:         0       0       0       0       0
      Locals:         1       0       0       0       0
      Temps:          0       0       0       0       0
      Totals:         1       0       0       0       0
Total ram usage:        1 bytes
 Hardware stack levels used:    1
 This function calls:
		Nothing
 This function is called by:
		_esp8266_mode
		__esp8266_print
		_ESP8266_send_string
		_esp8266_echoCmds
 This function uses a non-reentrant model


 *************** function _Lcd_Start *****************
 Defined at:
		line 112 in file "esp_test.c"
 Parameters:    Size  Location     Type
		None
 Auto vars:     Size  Location     Type
  i               2    0        int 
 Return value:  Size  Location     Type
                  1    wreg      void 
 Registers used:
		wreg, status,2, status,0, pclath, cstack
 Tracked objects:
		On entry : 
		On exit  : 
		Unchanged: 
 Data sizes:     COMMON   BANK0   BANK1   BANK3   BANK2
      Params:         0       0       0       0       0
      Locals:         2       0       0       0       0
      Temps:          2       0       0       0       0
      Totals:         4       0       0       0       0
Total ram usage:        4 bytes
 Hardware stack levels used:    1
 Hardware stack levels required when called:    2
 This function calls:
		_Lcd_Cmd
		_Lcd_SetBit
 This function is called by:
		_main
 This function uses a non-reentrant model


 *************** function _Lcd_Set_Cursor *****************
 Defined at:
		line 91 in file "esp_test.c"
 Parameters:    Size  Location     Type
  a               1    wreg     unsigned char 
  b               1    4[COMMON] unsigned char 
 Auto vars:     Size  Location     Type
  a               1    7[COMMON] unsigned char 
  temp            1   10[COMMON] unsigned char 
  y               1    9[COMMON] unsigned char 
  z               1    8[COMMON] unsigned char 
 Return value:  Size  Location     Type
                  1    wreg      void 
 Registers used:
		wreg, status,2, status,0, pclath, cstack
 Tracked objects:
		On entry : 
		On exit  : 
		Unchanged: 
 Data sizes:     COMMON   BANK0   BANK1   BANK3   BANK2
      Params:         1       0       0       0       0
      Locals:         4       0       0       0       0
      Temps:          2       0       0       0       0
      Totals:         7       0       0       0       0
Total ram usage:        7 bytes
 Hardware stack levels used:    1
 Hardware stack levels required when called:    2
 This function calls:
		_Lcd_Cmd
 This function is called by:
		_main
 This function uses a non-reentrant model


 *************** function _Lcd_Print_String *****************
 Defined at:
		line 146 in file "esp_test.c"
 Parameters:    Size  Location     Type
  a               2    9[COMMON] PTR unsigned char 
		 -> STR_44(14), STR_41(14), STR_40(17), STR_39(14), 
		 -> STR_38(15), STR_37(14), 
 Auto vars:     Size  Location     Type
  i               2    0[BANK0 ] int 
 Return value:  Size  Location     Type
                  1    wreg      void 
 Registers used:
		wreg, fsr0l, fsr0h, status,2, status,0, btemp+1, pclath, cstack
 Tracked objects:
		On entry : 
		On exit  : 
		Unchanged: 
 Data sizes:     COMMON   BANK0   BANK1   BANK3   BANK2
      Params:         2       0       0       0       0
      Locals:         0       2       0       0       0
      Temps:          3       0       0       0       0
      Totals:         5       2       0       0       0
Total ram usage:        7 bytes
 Hardware stack levels used:    1
 Hardware stack levels required when called:    2
 This function calls:
		_Lcd_Print_Char
 This function is called by:
		_main
 This function uses a non-reentrant model


 *************** function _Lcd_Print_Char *****************
 Defined at:
		line 130 in file "esp_test.c"
 Parameters:    Size  Location     Type
  data            1    wreg     unsigned char 
 Auto vars:     Size  Location     Type
  data            1    4[COMMON] unsigned char 
  i               2    7[COMMON] int 
  i               2    5[COMMON] int 
  Upper_Nibble    1    3[COMMON] unsigned char 
  Lower_Nibble    1    2[COMMON] unsigned char 
 Return value:  Size  Location     Type
                  1    wreg      void 
 Registers used:
		wreg, status,2, status,0, btemp+1, pclath, cstack
 Tracked objects:
		On entry : 
		On exit  : 
		Unchanged: 
 Data sizes:     COMMON   BANK0   BANK1   BANK3   BANK2
      Params:         0       0       0       0       0
      Locals:         7       0       0       0       0
      Temps:          1       0       0       0       0
      Totals:         8       0       0       0       0
Total ram usage:        8 bytes
 Hardware stack levels used:    1
 Hardware stack levels required when called:    1
 This function calls:
		_Lcd_SetBit
 This function is called by:
		_Lcd_Print_String
 This function uses a non-reentrant model


 *************** function _Lcd_Clear *****************
 Defined at:
		line 85 in file "esp_test.c"
 Parameters:    Size  Location     Type
		None
 Auto vars:     Size  Location     Type
		None
 Return value:  Size  Location     Type
                  1    wreg      void 
 Registers used:
		wreg, status,2, status,0, pclath, cstack
 Tracked objects:
		On entry : 
		On exit  : 
		Unchanged: 
 Data sizes:     COMMON   BANK0   BANK1   BANK3   BANK2
      Params:         0       0       0       0       0
      Locals:         0       0       0       0       0
      Temps:          0       0       0       0       0
      Totals:         0       0       0       0       0
Total ram usage:        0 bytes
 Hardware stack levels used:    1
 Hardware stack levels required when called:    2
 This function calls:
		_Lcd_Cmd
 This function is called by:
		_main
 This function uses a non-reentrant model


 *************** function _Lcd_Cmd *****************
 Defined at:
		line 76 in file "esp_test.c"
 Parameters:    Size  Location     Type
  a               1    wreg     unsigned char 
 Auto vars:     Size  Location     Type
  a               1    3[COMMON] unsigned char 
 Return value:  Size  Location     Type
                  1    wreg      void 
 Registers used:
		wreg, status,2, status,0, pclath, cstack
 Tracked objects:
		On entry : 
		On exit  : 
		Unchanged: 
 Data sizes:     COMMON   BANK0   BANK1   BANK3   BANK2
      Params:         0       0       0       0       0
      Locals:         1       0       0       0       0
      Temps:          2       0       0       0       0
      Totals:         3       0       0       0       0
Total ram usage:        3 bytes
 Hardware stack levels used:    1
 Hardware stack levels required when called:    1
 This function calls:
		_Lcd_SetBit
 This function is called by:
		_Lcd_Clear
		_Lcd_Set_Cursor
		_Lcd_Start
 This function uses a non-reentrant model


 *************** function _Lcd_SetBit *****************
 Defined at:
		line 53 in file "esp_test.c"
 Parameters:    Size  Location     Type
  data_bit        1    wreg     unsigned char 
 Auto vars:     Size  Location     Type
  data_bit        1    0[COMMON] unsigned char 
 Return value:  Size  Location     Type
                  1    wreg      void 
 Registers used:
		wreg
 Tracked objects:
		On entry : 
		On exit  : 
		Unchanged: 
 Data sizes:     COMMON   BANK0   BANK1   BANK3   BANK2
      Params:         0       0       0       0       0
      Locals:         1       0       0       0       0
      Temps:          0       0       0       0       0
      Totals:         1       0       0       0       0
Total ram usage:        1 bytes
 Hardware stack levels used:    1
 This function calls:
		Nothing
 This function is called by:
		_Lcd_Cmd
		_Lcd_Start
		_Lcd_Print_Char
 This function uses a non-reentrant model


 *************** function _Initialize_ESP8266 *****************
 Defined at:
		line 153 in file "esp_test.c"
 Parameters:    Size  Location     Type
		None
 Auto vars:     Size  Location     Type
		None
 Return value:  Size  Location     Type
                  1    wreg      void 
 Registers used:
		wreg
 Tracked objects:
		On entry : 
		On exit  : 
		Unchanged: 
 Data sizes:     COMMON   BANK0   BANK1   BANK3   BANK2
      Params:         0       0       0       0       0
      Locals:         0       0       0       0       0
      Temps:          0       0       0       0       0
      Totals:         0       0       0       0       0
Total ram usage:        0 bytes
 Hardware stack levels used:    1
 This function calls:
		Nothing
 This function is called by:
		_main
 This function uses a non-reentrant model



MODULE INFORMATION

Module		Function		Class		Link	Load	Size
esp_test.c
		__esp8266_getch		CODE           	0431	0000	15
		__esp8266_putch		CODE           	040E	0000	11
		__esp8266_print		CODE           	04DC	0000	39
		_main          		CODE           	070B	0000	220
		_Lcd_Cmd       		CODE           	0480	0000	27
		_Lcd_SetBit    		CODE           	04BA	0000	35
		_Lcd_Start     		CODE           	057B	0000	79
		_esp8266_config_softAP		CODE           	0502	0000	52
		__esp8266_waitResponse		CODE           	0678	0000	148
		_Lcd_Set_Cursor		CODE           	05C9	0000	83
		_esp8266_mode  		CODE           	049A	0000	33
		_Lcd_Clear     		CODE           	0424	0000	14
		_esp8266_isStarted		CODE           	0452	0000	23
		_Initialize_ESP8266		CODE           	0468	0000	25
		_Lcd_Print_String		CODE           	0535	0000	71
		_Lcd_Print_Char		CODE           	061B	0000	94

esp_test.c estimated size: 969

shared
		__esp8266_waitResponse@lengths		STRCODE        	0818	0000	7
		__stringtab    		STRCODE        	0800	0000	19
		__initialization		CODE           	07E6	0000	23
		__esp8266_waitResponse@responses		STRCODE        	0812	0000	7

shared estimated size: 56

