Microchip MPLAB XC8 Compiler V2.10 ()

Linker command line:

-W-3 --edf=C:\Program Files (x86)\Microchip\xc8\v2.10\pic\dat\en_msgs.txt \
  -cs -h+dist/default/production\led_test.X.production.sym \
  --cmf=dist/default/production\led_test.X.production.cmf -z -Q16F877A \
  -oC:\Users\Admin\AppData\Local\Temp\scm8.2 --defsym=__MPLAB_BUILD=1 \
  -Mdist/default/production/led_test.X.production.map -E1 -ver=XC8 \
  --acfsm=1493 -ASTACK=0110h-016Fh -pstack=STACK -ACODE=00h-07FFhx4 \
  -ASTRCODE=00h-01FFFh -ASTRING=00h-0FFhx32 -ACONST=00h-0FFhx32 \
  -AENTRY=00h-0FFhx32 -ACOMMON=070h-07Fh -ABANK0=020h-06Fh \
  -ABANK1=0A0h-0EFh -ABANK2=0110h-016Fh -ABANK3=0190h-01EFh \
  -ARAM=020h-06Fh,0A0h-0EFh,0110h-016Fh,0190h-01EFh \
  -AABS1=020h-07Fh,0A0h-0EFh,0110h-016Fh,0190h-01EFh -ASFR0=00h-01Fh \
  -ASFR1=080h-09Fh -ASFR2=0100h-010Fh -ASFR3=0180h-018Fh \
  -preset_vec=00h,intentry,init,end_init -ppowerup=CODE -pcinit=CODE \
  -pfunctab=ENTRY -ACONFIG=02007h-02007h -pconfig=CONFIG -DCONFIG=2 \
  -AIDLOC=02000h-02003h -pidloc=IDLOC -DIDLOC=2 -AEEDATA=00h-0FFh/02100h \
  -peeprom_data=EEDATA -DEEDATA=2 -DCODE=2 -DSTRCODE=2 -DSTRING=2 -DCONST=2 \
  -DENTRY=2 -k C:\Users\Admin\AppData\Local\Temp\scm8.o \
  dist/default/production\led_test.X.production.o 

Object code version is 3.11

Machine type is 16F877A



                Name                               Link     Load   Length Selector   Space Scale
C:\Users\Admin\AppData\Local\Temp\scm8.o
                end_init                              0        0        3        0       0
                config                             2007     2007        1     400E       0
dist/default/production\led_test.X.production.o
                cinit                               7FC      7FC        4      FF8       0
                text10                              620      620       18      C40       0
                text9                               671      671       22      CE2       0
                text8                               638      638       1A      C70       0
                text7                               613      613        D      C26       0
                text6                               79F      79F       5D      F3E       0
                text5                               693      693       25      D26       0
                text4                               74D      74D       52      E9A       0
                text3                               6FE      6FE       4F      DFC       0
                text2                               609      609        A      C12       0
                text1                               652      652       1F      CA4       0
                maintext                            6B8      6B8       46      D70       0
                cstackBANK0                          20       20        3       20       1
                cstackCOMMON                         70       70        C       70       1
                strings                               3        3       29        6       0

TOTAL           Name                               Link     Load   Length     Space
        CLASS   STACK          

        CLASS   CODE           
                end_init                              0        0        3         0
                cinit                               7FC      7FC        4         0
                text10                              620      620       18         0
                text9                               671      671       22         0
                text8                               638      638       1A         0
                text7                               613      613        D         0
                text6                               79F      79F       5D         0
                text5                               693      693       25         0
                text4                               74D      74D       52         0
                text3                               6FE      6FE       4F         0
                text2                               609      609        A         0
                text1                               652      652       1F         0
                maintext                            6B8      6B8       46         0

        CLASS   STRCODE        

        CLASS   STRING         
                strings                               3        3       29         0

        CLASS   CONST          

        CLASS   ENTRY          

        CLASS   COMMON         
                cstackCOMMON                         70       70        C         1

        CLASS   BANK0          
                cstackBANK0                          20       20        3         1

        CLASS   BANK1          

        CLASS   BANK2          

        CLASS   BANK3          

        CLASS   RAM            

        CLASS   ABS1           
                abs_s1                               7E       7E        2         1

        CLASS   SFR0           

        CLASS   SFR1           

        CLASS   SFR2           

        CLASS   SFR3           

        CLASS   CONFIG         
                config                             2007     2007        1         0

        CLASS   IDLOC          

        CLASS   EEDATA         



SEGMENTS        Name                           Load    Length   Top    Selector   Space  Class     Delta

                reset_vec                      000000  000003  000003         0       0  CODE        2
                strings                        000003  000029  00002C         6       0  STRING      2
                cstackBANK0                    000020  000003  000023        20       1  BANK0       1
                cstackCOMMON                   000070  00000C  00007C        70       1  COMMON      1
                text2                          000609  00000A  000613       C12       0  CODE        2
                text7                          000613  00000D  000620       C26       0  CODE        2
                text10                         000620  000018  000638       C40       0  CODE        2
                text8                          000638  00001A  000652       C70       0  CODE        2
                text1                          000652  00001F  000671       CA4       0  CODE        2
                text9                          000671  000022  000693       CE2       0  CODE        2
                text5                          000693  000025  0006B8       D26       0  CODE        2
                maintext                       0006B8  000046  0006FE       D70       0  CODE        2
                text3                          0006FE  00004F  00074D       DFC       0  CODE        2
                text4                          00074D  000052  00079F       E9A       0  CODE        2
                text6                          00079F  00005D  0007FC       F3E       0  CODE        2
                cinit                          0007FC  000004  000800       FF8       0  CODE        2
                config                         002007  000001  002008      400E       0  CONFIG      2


UNUSED ADDRESS RANGES

        Name                Unused          Largest block    Delta
        BANK0            0023-006F             4D           1
        BANK1            00A0-00EF             50           1
        BANK2            0110-016F             60           1
        BANK3            0190-01EF             60           1
        CODE             002C-0608            5DD           2
                         0800-1FFF            800
        COMMON           007C-007D              2           1
        CONST            002C-0608            100           2
                         0800-1FFF            100
        EEDATA           2100-21FF            100           2
        ENTRY            002C-0608            100           2
                         0800-1FFF            100
        IDLOC            2000-2003              4           2
        RAM              0023-006F             4D           1
                         00A0-00EF             50
                         0110-016F             60
                         0190-01EF             60
        SFR0             0000-001F             20           1
        SFR1             0080-009F             20           1
        SFR2             0100-010F             10           1
        SFR3             0180-018F             10           1
        STACK            0110-016F             60           1
        STRCODE          002C-0608            5DD           2
                         0800-1FFF           1800
        STRING           002C-0608            100           2
                         0800-1FFF            100

                                  Symbol Table

Lcd_Cmd@a                    cstackCOMMON 0073
Lcd_Print_Char@Lower_Nibble  cstackCOMMON 0072
Lcd_Print_Char@Upper_Nibble  cstackCOMMON 0073
Lcd_Print_Char@data          cstackCOMMON 0078
Lcd_Print_Char@i             cstackCOMMON 0074
Lcd_Print_Char@i_70          cstackCOMMON 0076
Lcd_Print_String@a           cstackCOMMON 007B
Lcd_Print_String@i           cstackCOMMON 0079
Lcd_SetBit@data_bit          cstackCOMMON 0070
Lcd_Set_Cursor@a             cstackCOMMON 0077
Lcd_Set_Cursor@b             cstackCOMMON 0074
Lcd_Set_Cursor@temp          cstackCOMMON 007A
Lcd_Set_Cursor@y             cstackCOMMON 0079
Lcd_Set_Cursor@z             cstackCOMMON 0078
UART_send_char@bt            cstackCOMMON 0070
UART_send_string@st_pt       cstackCOMMON 0072
_BRGH                        (abs)        04C2
_CREN                        (abs)        00C4
_Initialize_ESP8266          text10       0620
_Lcd_Clear                   text7        0613
_Lcd_Cmd                     text8        0638
_Lcd_Print_Char              text6        079F
_Lcd_Print_String            text5        0693
_Lcd_SetBit                  text9        0671
_Lcd_Set_Cursor              text4        074D
_Lcd_Start                   text3        06FE
_OERR                        (abs)        00C1
_RCIF                        (abs)        0065
_RCREG                       (abs)        001A
_RD2                         (abs)        0042
_RD3                         (abs)        0043
_RD4                         (abs)        0044
_RD5                         (abs)        0045
_RD6                         (abs)        0046
_RD7                         (abs)        0047
_RX9                         (abs)        00C6
_SPBRG                       (abs)        0099
_SPEN                        (abs)        00C7
_SYNC                        (abs)        04C4
_TRISC6                      (abs)        043E
_TRISC7                      (abs)        043F
_TRISD                       (abs)        0088
_TX9                         (abs)        04C6
_TXEN                        (abs)        04C5
_TXIF                        (abs)        0064
_TXREG                       (abs)        0019
_UART_send_char              text2        0609
_UART_send_string            text1        0652
__CFG_BOREN$ON               (abs)        0000
__CFG_CP$OFF                 (abs)        0000
__CFG_CPD$OFF                (abs)        0000
__CFG_FOSC$HS                (abs)        0000
__CFG_LVP$OFF                (abs)        0000
__CFG_PWRTE$OFF              (abs)        0000
__CFG_WDTE$OFF               (abs)        0000
__CFG_WRT$OFF                (abs)        0000
__Habs1                      abs1         0000
__Hbank0                     bank0        0000
__Hbank1                     bank1        0000
__Hbank2                     bank2        0000
__Hbank3                     bank3        0000
__Hcinit                     cinit        0800
__Hclrtext                   clrtext      0000
__Hcode                      code         0000
__Hcommon                    common       0000
__Hconfig                    config       2008
__HcstackBANK0               cstackBANK0  0000
__HcstackCOMMON              cstackCOMMON 0000
__Heeprom_data               eeprom_data  0000
__Hend_init                  end_init     0003
__Hfunctab                   functab      0000
__Hidloc                     idloc        0000
__Hinit                      init         0000
__Hintentry                  intentry     0000
__Hmaintext                  maintext     0000
__Hpowerup                   powerup      0000
__Hram                       ram          0000
__Hreset_vec                 reset_vec    0000
__Hsfr0                      sfr0         0000
__Hsfr1                      sfr1         0000
__Hsfr2                      sfr2         0000
__Hsfr3                      sfr3         0000
__Hspace_0                   (abs)        2008
__Hspace_1                   (abs)        007C
__Hspace_2                   (abs)        0000
__Hspace_3                   (abs)        0000
__Hstack                     stack        0000
__Hstrings                   strings      0000
__Htext                      text         0000
__Labs1                      abs1         0000
__Lbank0                     bank0        0000
__Lbank1                     bank1        0000
__Lbank2                     bank2        0000
__Lbank3                     bank3        0000
__Lcinit                     cinit        07FC
__Lclrtext                   clrtext      0000
__Lcode                      code         0000
__Lcommon                    common       0000
__Lconfig                    config       2007
__LcstackBANK0               cstackBANK0  0000
__LcstackCOMMON              cstackCOMMON 0000
__Leeprom_data               eeprom_data  0000
__Lend_init                  end_init     0000
__Lfunctab                   functab      0000
__Lidloc                     idloc        0000
__Linit                      init         0000
__Lintentry                  intentry     0000
__Lmaintext                  maintext     0000
__Lpowerup                   powerup      0000
__Lram                       ram          0000
__Lreset_vec                 reset_vec    0000
__Lsfr0                      sfr0         0000
__Lsfr1                      sfr1         0000
__Lsfr2                      sfr2         0000
__Lsfr3                      sfr3         0000
__Lspace_0                   (abs)        0000
__Lspace_1                   (abs)        0000
__Lspace_2                   (abs)        0000
__Lspace_3                   (abs)        0000
__Lstack                     stack        0000
__Lstrings                   strings      0000
__Ltext                      text         0000
__S0                         (abs)        2008
__S1                         (abs)        007C
__S2                         (abs)        0000
__S3                         (abs)        0000
___int_sp                    stack        0000
___latbits                   (abs)        0002
___sp                        stack        0000
___stackhi                   (abs)        0000
___stacklo                   (abs)        0000
__end_of_Initialize_ESP8266  text10       0638
__end_of_Lcd_Clear           text7        0620
__end_of_Lcd_Cmd             text8        0652
__end_of_Lcd_Print_Char      text6        07FC
__end_of_Lcd_Print_String    text5        06B8
__end_of_Lcd_SetBit          text9        0693
__end_of_Lcd_Set_Cursor      text4        079F
__end_of_Lcd_Start           text3        074D
__end_of_UART_send_char      text2        0613
__end_of_UART_send_string    text1        0671
__end_of__initialization     cinit        07FC
__end_of__stringtab          strings      0009
__end_of_main                maintext     06FE
__initialization             cinit        07FC
__pcstackBANK0               cstackBANK0  0020
__pcstackCOMMON              cstackCOMMON 0070
__pmaintext                  maintext     06B8
__pstrings                   strings      0003
__ptext1                     text1        0652
__ptext10                    text10       0620
__ptext2                     text2        0609
__ptext3                     text3        06FE
__ptext4                     text4        074D
__ptext5                     text5        0693
__ptext6                     text6        079F
__ptext7                     text7        0613
__ptext8                     text8        0638
__ptext9                     text9        0671
__size_of_Initialize_ESP8266 (abs)        0000
__size_of_Lcd_Clear          (abs)        0000
__size_of_Lcd_Cmd            (abs)        0000
__size_of_Lcd_Print_Char     (abs)        0000
__size_of_Lcd_Print_String   (abs)        0000
__size_of_Lcd_SetBit         (abs)        0000
__size_of_Lcd_Set_Cursor     (abs)        0000
__size_of_Lcd_Start          (abs)        0000
__size_of_UART_send_char     (abs)        0000
__size_of_UART_send_string   (abs)        0000
__size_of_main               (abs)        0000
__stringbase                 strings      0008
__stringtab                  strings      0003
_main                        maintext     06B8
btemp                        (abs)        007E
end_of_initialization        cinit        07FC
intlevel0                    functab      0000
intlevel1                    functab      0000
intlevel2                    functab      0000
intlevel3                    functab      0000
intlevel4                    functab      0000
intlevel5                    functab      0000
reset_vec                    reset_vec    0000
start                        init         0000
start_initialization         cinit        07FC
wtemp0                       (abs)        007E


FUNCTION INFORMATION:

 *************** function _main *****************
 Defined at:
		line 180 in file "newmain.c"
 Parameters:    Size  Location     Type
		None
 Auto vars:     Size  Location     Type
  i               2    0        int 
 Return value:  Size  Location     Type
                  1    wreg      void 
 Registers used:
		wreg, fsr0l, fsr0h, status,2, status,0, btemp+1, pclath, cstack
 Tracked objects:
		On entry : 
		On exit  : 
		Unchanged: 
 Data sizes:     COMMON   BANK0   BANK1   BANK3   BANK2
      Params:         0       0       0       0       0
      Locals:         0       0       0       0       0
      Temps:          0       3       0       0       0
      Totals:         0       3       0       0       0
Total ram usage:        3 bytes
 Hardware stack levels required when called:    3
 This function calls:
		_Initialize_ESP8266
		_Lcd_Clear
		_Lcd_Print_String
		_Lcd_Set_Cursor
		_Lcd_Start
		_UART_send_string
 This function is called by:
		Startup code after reset
 This function uses a non-reentrant model


 *************** function _UART_send_string *****************
 Defined at:
		line 160 in file "newmain.c"
 Parameters:    Size  Location     Type
  st_pt           1    wreg     PTR unsigned char 
		 -> STR_3(3), 
 Auto vars:     Size  Location     Type
  st_pt           1    2[COMMON] PTR unsigned char 
		 -> STR_3(3), 
 Return value:  Size  Location     Type
                  1    wreg      void 
 Registers used:
		wreg, fsr0l, fsr0h, status,2, status,0, pclath, cstack
 Tracked objects:
		On entry : 
		On exit  : 
		Unchanged: 
 Data sizes:     COMMON   BANK0   BANK1   BANK3   BANK2
      Params:         0       0       0       0       0
      Locals:         1       0       0       0       0
      Temps:          1       0       0       0       0
      Totals:         2       0       0       0       0
Total ram usage:        2 bytes
 Hardware stack levels used:    1
 Hardware stack levels required when called:    1
 This function calls:
		_UART_send_char
 This function is called by:
		_main
 This function uses a non-reentrant model


 *************** function _UART_send_char *****************
 Defined at:
		line 153 in file "newmain.c"
 Parameters:    Size  Location     Type
  bt              1    wreg     unsigned char 
 Auto vars:     Size  Location     Type
  bt              1    0[COMMON] unsigned char 
 Return value:  Size  Location     Type
                  1    wreg      void 
 Registers used:
		wreg
 Tracked objects:
		On entry : 
		On exit  : 
		Unchanged: 
 Data sizes:     COMMON   BANK0   BANK1   BANK3   BANK2
      Params:         0       0       0       0       0
      Locals:         1       0       0       0       0
      Temps:          0       0       0       0       0
      Totals:         1       0       0       0       0
Total ram usage:        1 bytes
 Hardware stack levels used:    1
 This function calls:
		Nothing
 This function is called by:
		_UART_send_string
 This function uses a non-reentrant model


 *************** function _Lcd_Start *****************
 Defined at:
		line 84 in file "newmain.c"
 Parameters:    Size  Location     Type
		None
 Auto vars:     Size  Location     Type
  i               4    0        long 
 Return value:  Size  Location     Type
                  1    wreg      void 
 Registers used:
		wreg, status,2, status,0, pclath, cstack
 Tracked objects:
		On entry : 
		On exit  : 
		Unchanged: 
 Data sizes:     COMMON   BANK0   BANK1   BANK3   BANK2
      Params:         0       0       0       0       0
      Locals:         4       0       0       0       0
      Temps:          2       0       0       0       0
      Totals:         6       0       0       0       0
Total ram usage:        6 bytes
 Hardware stack levels used:    1
 Hardware stack levels required when called:    2
 This function calls:
		_Lcd_Cmd
		_Lcd_SetBit
 This function is called by:
		_main
 This function uses a non-reentrant model


 *************** function _Lcd_Set_Cursor *****************
 Defined at:
		line 63 in file "newmain.c"
 Parameters:    Size  Location     Type
  a               1    wreg     unsigned char 
  b               1    4[COMMON] unsigned char 
 Auto vars:     Size  Location     Type
  a               1    7[COMMON] unsigned char 
  temp            1   10[COMMON] unsigned char 
  y               1    9[COMMON] unsigned char 
  z               1    8[COMMON] unsigned char 
 Return value:  Size  Location     Type
                  1    wreg      void 
 Registers used:
		wreg, status,2, status,0, pclath, cstack
 Tracked objects:
		On entry : 
		On exit  : 
		Unchanged: 
 Data sizes:     COMMON   BANK0   BANK1   BANK3   BANK2
      Params:         1       0       0       0       0
      Locals:         4       0       0       0       0
      Temps:          2       0       0       0       0
      Totals:         7       0       0       0       0
Total ram usage:        7 bytes
 Hardware stack levels used:    1
 Hardware stack levels required when called:    2
 This function calls:
		_Lcd_Cmd
 This function is called by:
		_main
 This function uses a non-reentrant model


 *************** function _Lcd_Print_String *****************
 Defined at:
		line 118 in file "newmain.c"
 Parameters:    Size  Location     Type
  a               1    wreg     PTR unsigned char 
		 -> STR_2(17), STR_1(15), 
 Auto vars:     Size  Location     Type
  a               1   11[COMMON] PTR unsigned char 
		 -> STR_2(17), STR_1(15), 
  i               2    9[COMMON] int 
 Return value:  Size  Location     Type
                  1    wreg      void 
 Registers used:
		wreg, fsr0l, fsr0h, status,2, status,0, btemp+1, pclath, cstack
 Tracked objects:
		On entry : 
		On exit  : 
		Unchanged: 
 Data sizes:     COMMON   BANK0   BANK1   BANK3   BANK2
      Params:         0       0       0       0       0
      Locals:         3       0       0       0       0
      Temps:          0       0       0       0       0
      Totals:         3       0       0       0       0
Total ram usage:        3 bytes
 Hardware stack levels used:    1
 Hardware stack levels required when called:    2
 This function calls:
		_Lcd_Print_Char
 This function is called by:
		_main
 This function uses a non-reentrant model


 *************** function _Lcd_Print_Char *****************
 Defined at:
		line 102 in file "newmain.c"
 Parameters:    Size  Location     Type
  data            1    wreg     unsigned char 
 Auto vars:     Size  Location     Type
  data            1    8[COMMON] unsigned char 
  i               2    6[COMMON] int 
  i               2    4[COMMON] int 
  Upper_Nibble    1    3[COMMON] unsigned char 
  Lower_Nibble    1    2[COMMON] unsigned char 
 Return value:  Size  Location     Type
                  1    wreg      void 
 Registers used:
		wreg, status,2, status,0, btemp+1, pclath, cstack
 Tracked objects:
		On entry : 
		On exit  : 
		Unchanged: 
 Data sizes:     COMMON   BANK0   BANK1   BANK3   BANK2
      Params:         0       0       0       0       0
      Locals:         7       0       0       0       0
      Temps:          1       0       0       0       0
      Totals:         8       0       0       0       0
Total ram usage:        8 bytes
 Hardware stack levels used:    1
 Hardware stack levels required when called:    1
 This function calls:
		_Lcd_SetBit
 This function is called by:
		_Lcd_Print_String
 This function uses a non-reentrant model


 *************** function _Lcd_Clear *****************
 Defined at:
		line 57 in file "newmain.c"
 Parameters:    Size  Location     Type
		None
 Auto vars:     Size  Location     Type
		None
 Return value:  Size  Location     Type
                  1    wreg      void 
 Registers used:
		wreg, status,2, status,0, pclath, cstack
 Tracked objects:
		On entry : 
		On exit  : 
		Unchanged: 
 Data sizes:     COMMON   BANK0   BANK1   BANK3   BANK2
      Params:         0       0       0       0       0
      Locals:         0       0       0       0       0
      Temps:          0       0       0       0       0
      Totals:         0       0       0       0       0
Total ram usage:        0 bytes
 Hardware stack levels used:    1
 Hardware stack levels required when called:    2
 This function calls:
		_Lcd_Cmd
 This function is called by:
		_main
 This function uses a non-reentrant model


 *************** function _Lcd_Cmd *****************
 Defined at:
		line 48 in file "newmain.c"
 Parameters:    Size  Location     Type
  a               1    wreg     unsigned char 
 Auto vars:     Size  Location     Type
  a               1    3[COMMON] unsigned char 
 Return value:  Size  Location     Type
                  1    wreg      void 
 Registers used:
		wreg, status,2, status,0, pclath, cstack
 Tracked objects:
		On entry : 
		On exit  : 
		Unchanged: 
 Data sizes:     COMMON   BANK0   BANK1   BANK3   BANK2
      Params:         0       0       0       0       0
      Locals:         1       0       0       0       0
      Temps:          2       0       0       0       0
      Totals:         3       0       0       0       0
Total ram usage:        3 bytes
 Hardware stack levels used:    1
 Hardware stack levels required when called:    1
 This function calls:
		_Lcd_SetBit
 This function is called by:
		_Lcd_Clear
		_Lcd_Set_Cursor
		_Lcd_Start
 This function uses a non-reentrant model


 *************** function _Lcd_SetBit *****************
 Defined at:
		line 25 in file "newmain.c"
 Parameters:    Size  Location     Type
  data_bit        1    wreg     unsigned char 
 Auto vars:     Size  Location     Type
  data_bit        1    0[COMMON] unsigned char 
 Return value:  Size  Location     Type
                  1    wreg      void 
 Registers used:
		wreg
 Tracked objects:
		On entry : 
		On exit  : 
		Unchanged: 
 Data sizes:     COMMON   BANK0   BANK1   BANK3   BANK2
      Params:         0       0       0       0       0
      Locals:         1       0       0       0       0
      Temps:          0       0       0       0       0
      Totals:         1       0       0       0       0
Total ram usage:        1 bytes
 Hardware stack levels used:    1
 This function calls:
		Nothing
 This function is called by:
		_Lcd_Cmd
		_Lcd_Start
		_Lcd_Print_Char
 This function uses a non-reentrant model


 *************** function _Initialize_ESP8266 *****************
 Defined at:
		line 125 in file "newmain.c"
 Parameters:    Size  Location     Type
		None
 Auto vars:     Size  Location     Type
		None
 Return value:  Size  Location     Type
                  1    wreg      void 
 Registers used:
		wreg
 Tracked objects:
		On entry : 
		On exit  : 
		Unchanged: 
 Data sizes:     COMMON   BANK0   BANK1   BANK3   BANK2
      Params:         0       0       0       0       0
      Locals:         0       0       0       0       0
      Temps:          0       0       0       0       0
      Totals:         0       0       0       0       0
Total ram usage:        0 bytes
 Hardware stack levels used:    1
 This function calls:
		Nothing
 This function is called by:
		_main
 This function uses a non-reentrant model



MODULE INFORMATION

Module		Function		Class		Link	Load	Size
newmain.c
		_main          		CODE           	06B8	0000	71
		_Lcd_Cmd       		CODE           	0638	0000	27
		_Lcd_SetBit    		CODE           	0671	0000	35
		_Lcd_Start     		CODE           	06FE	0000	80
		_Lcd_Set_Cursor		CODE           	074D	0000	83
		_Lcd_Clear     		CODE           	0613	0000	14
		_UART_send_string		CODE           	0652	0000	32
		_UART_send_char		CODE           	0609	0000	11
		_Initialize_ESP8266		CODE           	0620	0000	25
		_Lcd_Print_String		CODE           	0693	0000	38
		_Lcd_Print_Char		CODE           	079F	0000	94

newmain.c estimated size: 510

shared
		__stringtab    		STRING         	0003	0000	7
		__initialization		CODE           	07FC	0000	1

shared estimated size: 8

